2021-04-04T18:34:04.6573160Z ##[section]Starting: Request a runner to run this job
2021-04-04T18:34:04.7622985Z Found online and idle self-hosted runner in current repository that matches the required labels: 'self-hosted'
2021-04-04T18:34:04.8217123Z ##[section]Finishing: Request a runner to run this job
2021-04-04T18:34:12.5223154Z Current runner version: '2.277.1'
2021-04-04T18:34:12.5247244Z Runner name: 'rpi4'
2021-04-04T18:34:12.5253001Z Runner group name: 'Default'
2021-04-04T18:34:12.5265467Z Machine name: 'rpi4'
2021-04-04T18:34:12.5292376Z ##[group]GITHUB_TOKEN Permissions
2021-04-04T18:34:12.5300626Z Actions: write
2021-04-04T18:34:12.5305757Z Checks: write
2021-04-04T18:34:12.5310869Z Contents: write
2021-04-04T18:34:12.5316195Z Deployments: write
2021-04-04T18:34:12.5321516Z Issues: write
2021-04-04T18:34:12.5326929Z Metadata: read
2021-04-04T18:34:12.5332679Z OrganizationPackages: write
2021-04-04T18:34:12.5338454Z Packages: write
2021-04-04T18:34:12.5343819Z PullRequests: write
2021-04-04T18:34:12.5349606Z RepositoryProjects: write
2021-04-04T18:34:12.5355490Z SecurityEvents: write
2021-04-04T18:34:12.5360957Z Statuses: write
2021-04-04T18:34:12.5366592Z ##[endgroup]
2021-04-04T18:34:12.5381380Z Prepare workflow directory
2021-04-04T18:34:12.7958635Z Prepare all required actions
2021-04-04T18:34:12.8135078Z Getting action download info
2021-04-04T18:34:13.8231922Z Download action repository 'actions/checkout@v2'
2021-04-04T18:34:15.7870600Z ##[group]Run actions/checkout@v2
2021-04-04T18:34:15.7909298Z with:
2021-04-04T18:34:15.7912556Z   repository: asrud/sf-m21-RPi
2021-04-04T18:34:15.7917603Z   token: ***
2021-04-04T18:34:15.7920540Z   ssh-strict: true
2021-04-04T18:34:15.7924074Z   persist-credentials: true
2021-04-04T18:34:15.7928053Z   clean: true
2021-04-04T18:34:15.7931024Z   fetch-depth: 1
2021-04-04T18:34:15.7933973Z   lfs: false
2021-04-04T18:34:15.7936947Z   submodules: false
2021-04-04T18:34:15.7940021Z ##[endgroup]
2021-04-04T18:34:16.3957687Z Syncing repository: asrud/sf-m21-RPi
2021-04-04T18:34:16.3971417Z ##[group]Getting Git version info
2021-04-04T18:34:16.3979889Z Working directory is '/usr/local/share/actions-runner/_work/sf-m21-RPi/sf-m21-RPi'
2021-04-04T18:34:16.3985548Z [command]/usr/bin/git version
2021-04-04T18:34:16.3989179Z git version 2.20.1
2021-04-04T18:34:16.3995648Z ##[endgroup]
2021-04-04T18:34:16.4001444Z [command]/usr/bin/git config --local --get remote.origin.url
2021-04-04T18:34:16.4008374Z https://github.com/asrud/sf-m21-RPi
2021-04-04T18:34:16.4014076Z ##[group]Removing previously created refs, to avoid conflicts
2021-04-04T18:34:16.4021082Z [command]/usr/bin/git rev-parse --symbolic-full-name --verify --quiet HEAD
2021-04-04T18:34:16.4030215Z refs/heads/master
2021-04-04T18:34:16.4042116Z [command]/usr/bin/git checkout --detach
2021-04-04T18:34:16.4047763Z HEAD is now at 3aa9ec6 v0.20 CI.log added, linter suggestions applied
2021-04-04T18:34:16.4063338Z [command]/usr/bin/git rev-parse --symbolic-full-name --branches
2021-04-04T18:34:16.4068962Z refs/heads/master
2021-04-04T18:34:16.4075363Z [command]/usr/bin/git branch --delete --force master
2021-04-04T18:34:16.4080791Z Deleted branch master (was 3aa9ec6).
2021-04-04T18:34:16.4087971Z [command]/usr/bin/git rev-parse --symbolic-full-name --remotes=origin
2021-04-04T18:34:16.4094206Z refs/remotes/origin/master
2021-04-04T18:34:16.4098862Z ##[endgroup]
2021-04-04T18:34:16.4103845Z ##[group]Cleaning the repository
2021-04-04T18:34:16.4110365Z [command]/usr/bin/git clean -ffdx
2021-04-04T18:34:16.4977643Z Removing .env/
2021-04-04T18:34:16.4983376Z [command]/usr/bin/git reset --hard HEAD
2021-04-04T18:34:16.5071226Z HEAD is now at 3aa9ec6 v0.20 CI.log added, linter suggestions applied
2021-04-04T18:34:16.5084139Z ##[endgroup]
2021-04-04T18:34:16.5094269Z ##[group]Disabling automatic garbage collection
2021-04-04T18:34:16.5109684Z [command]/usr/bin/git config --local gc.auto 0
2021-04-04T18:34:16.5206586Z ##[endgroup]
2021-04-04T18:34:16.5224400Z ##[group]Setting up auth
2021-04-04T18:34:16.5253048Z [command]/usr/bin/git config --local --name-only --get-regexp core\.sshCommand
2021-04-04T18:34:16.5366730Z [command]/usr/bin/git submodule foreach --recursive git config --local --name-only --get-regexp 'core\.sshCommand' && git config --local --unset-all 'core.sshCommand' || :
2021-04-04T18:34:16.6217497Z [command]/usr/bin/git config --local --name-only --get-regexp http\.https\:\/\/github\.com\/\.extraheader
2021-04-04T18:34:16.6310664Z [command]/usr/bin/git submodule foreach --recursive git config --local --name-only --get-regexp 'http\.https\:\/\/github\.com\/\.extraheader' && git config --local --unset-all 'http.https://github.com/.extraheader' || :
2021-04-04T18:34:16.7120908Z [command]/usr/bin/git config --local http.https://github.com/.extraheader AUTHORIZATION: basic ***
2021-04-04T18:34:16.7290828Z ##[endgroup]
2021-04-04T18:34:16.7294990Z ##[group]Fetching the repository
2021-04-04T18:34:16.7434994Z [command]/usr/bin/git -c protocol.version=2 fetch --no-tags --prune --progress --no-recurse-submodules --depth=1 origin +441dc3946f36147f5bb6c89d9c83222108f0f261:refs/remotes/origin/master
2021-04-04T18:34:17.7240607Z remote: Enumerating objects: 9, done.        
2021-04-04T18:34:17.7251550Z remote: Counting objects:  11% (1/9)        
2021-04-04T18:34:17.7275498Z remote: Counting objects:  22% (2/9)        
2021-04-04T18:34:17.7288097Z remote: Counting objects:  33% (3/9)        
2021-04-04T18:34:17.7297345Z remote: Counting objects:  44% (4/9)        
2021-04-04T18:34:17.7304288Z remote: Counting objects:  55% (5/9)        
2021-04-04T18:34:17.7310657Z remote: Counting objects:  66% (6/9)        
2021-04-04T18:34:17.7317797Z remote: Counting objects:  77% (7/9)        
2021-04-04T18:34:17.7325234Z remote: Counting objects:  88% (8/9)        
2021-04-04T18:34:17.7331869Z remote: Counting objects: 100% (9/9)        
2021-04-04T18:34:17.7434225Z remote: Counting objects: 100% (9/9), done.        
2021-04-04T18:34:17.7449184Z remote: Compressing objects:  50% (1/2)        
2021-04-04T18:34:17.7455036Z remote: Compressing objects: 100% (2/2)        
2021-04-04T18:34:17.7462210Z remote: Compressing objects: 100% (2/2), done.        
2021-04-04T18:34:17.7472757Z remote: Total 5 (delta 2), reused 4 (delta 1), pack-reused 0        
2021-04-04T18:34:17.7557044Z From https://github.com/asrud/sf-m21-RPi
2021-04-04T18:34:17.7567117Z  + 3aa9ec6...441dc39 441dc3946f36147f5bb6c89d9c83222108f0f261 -> origin/master  (forced update)
2021-04-04T18:34:17.7664405Z ##[endgroup]
2021-04-04T18:34:17.7671043Z ##[group]Determining the checkout info
2021-04-04T18:34:17.7679568Z ##[endgroup]
2021-04-04T18:34:17.7684518Z ##[group]Checking out the ref
2021-04-04T18:34:17.7692578Z [command]/usr/bin/git checkout --progress --force -B master refs/remotes/origin/master
2021-04-04T18:34:17.7811985Z Warning: you are leaving 1 commit behind, not connected to
2021-04-04T18:34:17.7818026Z any of your branches:
2021-04-04T18:34:17.7820769Z 
2021-04-04T18:34:17.7825250Z   3aa9ec6 v0.20 CI.log added, linter suggestions applied
2021-04-04T18:34:17.7842896Z 
2021-04-04T18:34:17.7847170Z If you want to keep it by creating a new branch, this may be a good time
2021-04-04T18:34:17.7857202Z to do so with:
2021-04-04T18:34:17.7862716Z 
2021-04-04T18:34:17.7871830Z  git branch <new-branch-name> 3aa9ec6
2021-04-04T18:34:17.7874960Z 
2021-04-04T18:34:17.7880326Z Switched to a new branch 'master'
2021-04-04T18:34:17.7886646Z Branch 'master' set up to track remote branch 'master' from 'origin'.
2021-04-04T18:34:17.7892010Z ##[endgroup]
2021-04-04T18:34:17.8085812Z [command]/usr/bin/git log -1 --format='%H'
2021-04-04T18:34:17.8179645Z '441dc3946f36147f5bb6c89d9c83222108f0f261'
2021-04-04T18:34:17.8734290Z ##[group]Run if [[ `uname` != "Darwin" ]]; then sudo apt-get -y install python3-venv; fi
2021-04-04T18:34:17.8740509Z [36;1mif [[ `uname` != "Darwin" ]]; then sudo apt-get -y install python3-venv; fi[0m
2021-04-04T18:34:17.8744736Z [36;1mpython3 -m venv .env[0m
2021-04-04T18:34:17.8841046Z shell: /bin/bash -e {0}
2021-04-04T18:34:17.8844077Z ##[endgroup]
2021-04-04T18:34:18.0083727Z Reading package lists...
2021-04-04T18:34:18.5037671Z Building dependency tree...
2021-04-04T18:34:18.5113495Z Reading state information...
2021-04-04T18:34:19.3507888Z python3-venv is already the newest version (3.7.3-1).
2021-04-04T18:34:19.3516567Z The following packages were automatically installed and are no longer required:
2021-04-04T18:34:19.3526629Z   gconf-service gconf2-common libexiv2-14 libgconf-2-4 libgfortran3
2021-04-04T18:34:19.3537015Z   libgmime-2.6-0 libncurses5 libssl1.0.2 lxplug-volume rpi-eeprom-images
2021-04-04T18:34:19.3545619Z   uuid-dev
2021-04-04T18:34:19.3553939Z Use 'sudo apt autoremove' to remove them.
2021-04-04T18:34:19.4396938Z 0 upgraded, 0 newly installed, 0 to remove and 83 not upgraded.
2021-04-04T18:34:24.2735459Z ##[group]Run source .env/bin/activate
2021-04-04T18:34:24.2739503Z [36;1msource .env/bin/activate[0m
2021-04-04T18:34:24.2743221Z [36;1mpython3 -m pip install --upgrade pip[0m
2021-04-04T18:34:24.2746970Z [36;1mpip3 install flake8 pytest[0m
2021-04-04T18:34:24.2751592Z [36;1mif [ -f requirements.txt ]; then pip3 install -r requirements.txt; fi[0m
2021-04-04T18:34:24.2843778Z shell: /bin/bash -e {0}
2021-04-04T18:34:24.2846825Z ##[endgroup]
2021-04-04T18:34:27.2047567Z Looking in indexes: https://pypi.org/simple, https://www.piwheels.org/simple
2021-04-04T18:34:28.2367574Z Collecting pip
2021-04-04T18:34:28.7780109Z   Using cached https://files.pythonhosted.org/packages/fe/ef/60d7ba03b5c442309ef42e7d69959f73aacccd0d86008362a681c4698e83/pip-21.0.1-py3-none-any.whl
2021-04-04T18:34:29.0530585Z Installing collected packages: pip
2021-04-04T18:34:29.0536818Z   Found existing installation: pip 18.1
2021-04-04T18:34:29.3773976Z     Uninstalling pip-18.1:
2021-04-04T18:34:29.4164275Z       Successfully uninstalled pip-18.1
2021-04-04T18:34:31.8993532Z Successfully installed pip-21.0.1
2021-04-04T18:34:33.0797570Z Looking in indexes: https://pypi.org/simple, https://www.piwheels.org/simple
2021-04-04T18:34:34.0662411Z Collecting flake8
2021-04-04T18:34:34.1662823Z   Using cached https://www.piwheels.org/simple/flake8/flake8-3.9.0-py2.py3-none-any.whl (73 kB)
2021-04-04T18:34:35.3180094Z Collecting pytest
2021-04-04T18:34:35.4429887Z   Using cached https://www.piwheels.org/simple/pytest/pytest-6.2.3-py3-none-any.whl (280 kB)
2021-04-04T18:34:35.7472747Z Collecting pyflakes<2.4.0,>=2.3.0
2021-04-04T18:34:35.8360529Z   Using cached https://www.piwheels.org/simple/pyflakes/pyflakes-2.3.1-py2.py3-none-any.whl (68 kB)
2021-04-04T18:34:36.1378496Z Collecting pycodestyle<2.8.0,>=2.7.0
2021-04-04T18:34:36.2397086Z   Using cached https://www.piwheels.org/simple/pycodestyle/pycodestyle-2.7.0-py2.py3-none-any.whl (41 kB)
2021-04-04T18:34:36.4370813Z Collecting mccabe<0.7.0,>=0.6.0
2021-04-04T18:34:36.5197407Z   Using cached https://www.piwheels.org/simple/mccabe/mccabe-0.6.1-py2.py3-none-any.whl (8.6 kB)
2021-04-04T18:34:37.2191154Z Collecting importlib-metadata
2021-04-04T18:34:37.3000473Z   Using cached https://www.piwheels.org/simple/importlib-metadata/importlib_metadata-3.10.0-py3-none-any.whl (14 kB)
2021-04-04T18:34:37.6245068Z Collecting toml
2021-04-04T18:34:37.7050324Z   Using cached https://www.piwheels.org/simple/toml/toml-0.10.2-py2.py3-none-any.whl (16 kB)
2021-04-04T18:34:38.6877214Z Collecting packaging
2021-04-04T18:34:38.9755927Z   Using cached https://www.piwheels.org/simple/packaging/packaging-20.9-py2.py3-none-any.whl (40 kB)
2021-04-04T18:34:39.2230432Z Collecting attrs>=19.2.0
2021-04-04T18:34:39.3105380Z   Using cached https://www.piwheels.org/simple/attrs/attrs-20.3.0-py2.py3-none-any.whl (49 kB)
2021-04-04T18:34:39.5257345Z Collecting iniconfig
2021-04-04T18:34:39.6136967Z   Using cached https://www.piwheels.org/simple/iniconfig/iniconfig-1.1.1-py2.py3-none-any.whl (5.0 kB)
2021-04-04T18:34:39.8497073Z Collecting pluggy<1.0.0a1,>=0.12
2021-04-04T18:34:39.9401081Z   Using cached https://www.piwheels.org/simple/pluggy/pluggy-0.13.1-py2.py3-none-any.whl (18 kB)
2021-04-04T18:34:40.4608678Z Collecting py>=1.8.2
2021-04-04T18:34:40.5481660Z   Using cached https://www.piwheels.org/simple/py/py-1.10.0-py2.py3-none-any.whl (97 kB)
2021-04-04T18:34:40.9034978Z Collecting typing-extensions>=3.6.4
2021-04-04T18:34:40.9820212Z   Using cached https://www.piwheels.org/simple/typing-extensions/typing_extensions-3.7.4.3-py3-none-any.whl (22 kB)
2021-04-04T18:34:41.3183100Z Collecting zipp>=0.5
2021-04-04T18:34:41.3975082Z   Using cached https://www.piwheels.org/simple/zipp/zipp-3.4.1-py3-none-any.whl (5.2 kB)
2021-04-04T18:34:42.0584567Z Collecting pyparsing>=2.0.2
2021-04-04T18:34:42.1444500Z   Using cached https://www.piwheels.org/simple/pyparsing/pyparsing-2.4.7-py2.py3-none-any.whl (67 kB)
2021-04-04T18:34:42.4950882Z Installing collected packages: zipp, typing-extensions, pyparsing, importlib-metadata, toml, pyflakes, pycodestyle, py, pluggy, packaging, mccabe, iniconfig, attrs, pytest, flake8
2021-04-04T18:34:44.2527480Z Successfully installed attrs-20.3.0 flake8-3.9.0 importlib-metadata-3.10.0 iniconfig-1.1.1 mccabe-0.6.1 packaging-20.9 pluggy-0.13.1 py-1.10.0 pycodestyle-2.7.0 pyflakes-2.3.1 pyparsing-2.4.7 pytest-6.2.3 toml-0.10.2 typing-extensions-3.7.4.3 zipp-3.4.1
2021-04-04T18:34:44.4626173Z ##[group]Run source .env/bin/activate
2021-04-04T18:34:44.4630581Z [36;1msource .env/bin/activate[0m
2021-04-04T18:34:44.4634958Z [36;1m# stop the build if there are Python syntax errors or undefined names[0m
2021-04-04T18:34:44.4640362Z [36;1mflake8 src/ --count --select=E9,F63,F7,F82 --show-source --statistics[0m
2021-04-04T18:34:44.4645744Z [36;1m# exit-zero treats all errors as warnings. The GitHub editor is 127 chars wide[0m
2021-04-04T18:34:44.4651694Z [36;1mflake8 src/ --count --exit-zero --max-complexity=10 --max-line-length=127 --statistics[0m
2021-04-04T18:34:44.4756101Z shell: /bin/bash -e {0}
2021-04-04T18:34:44.4759104Z ##[endgroup]
2021-04-04T18:34:45.2104759Z 0
2021-04-04T18:34:45.9521358Z src/self_monitoring.py:4:1: E402 module level import not at top of file
2021-04-04T18:34:45.9562702Z src/self_monitoring.py:6:1: E402 module level import not at top of file
2021-04-04T18:34:45.9570955Z src/self_monitoring.py:7:1: E402 module level import not at top of file
2021-04-04T18:34:45.9578633Z src/self_monitoring.py:8:1: E402 module level import not at top of file
2021-04-04T18:34:45.9586197Z src/self_monitoring.py:9:1: E402 module level import not at top of file
2021-04-04T18:34:45.9593774Z src/self_monitoring.py:10:1: E402 module level import not at top of file
2021-04-04T18:34:45.9604165Z src/self_monitoring.py:13:1: E266 too many leading '#' for block comment
2021-04-04T18:34:45.9614159Z src/self_monitoring.py:26:1: E266 too many leading '#' for block comment
2021-04-04T18:34:45.9624028Z src/self_monitoring.py:29:1: E266 too many leading '#' for block comment
2021-04-04T18:34:45.9634219Z src/self_monitoring.py:57:5: E265 block comment should start with '# '
2021-04-04T18:34:45.9643891Z src/self_monitoring.py:62:1: E266 too many leading '#' for block comment
2021-04-04T18:34:45.9652586Z 1     E265 block comment should start with '# '
2021-04-04T18:34:45.9660201Z 4     E266 too many leading '#' for block comment
2021-04-04T18:34:45.9666286Z 6     E402 module level import not at top of file
2021-04-04T18:34:45.9671187Z 11
2021-04-04T18:34:46.0557669Z ##[group]Run source .env/bin/activate
2021-04-04T18:34:46.0561719Z [36;1msource .env/bin/activate[0m
2021-04-04T18:34:46.0565202Z [36;1m# Tests not implemented yet[0m
2021-04-04T18:34:46.0568536Z [36;1m# src/main.py [0m
2021-04-04T18:34:46.0571592Z [36;1mecho "$WORKDIR"[0m
2021-04-04T18:34:46.0670426Z shell: /bin/bash -e {0}
2021-04-04T18:34:46.0673309Z env:
2021-04-04T18:34:46.0677238Z   WORKDIR: /usr/local/share/actions-runner/_work/sf-m21-RPi/sf-m21-RPi
2021-04-04T18:34:46.0681340Z ##[endgroup]
2021-04-04T18:34:46.0907199Z /usr/local/share/actions-runner/_work/sf-m21-RPi/sf-m21-RPi
2021-04-04T18:34:46.1310736Z ##[group]Run mkdir -p ~/.ssh/
2021-04-04T18:34:46.1314192Z [36;1mmkdir -p ~/.ssh/[0m
2021-04-04T18:34:46.1317402Z [36;1mecho "$SSH_KEY_SKF" > $SSH_KEY_PATH[0m
2021-04-04T18:34:46.1320796Z [36;1msudo chmod 600 $SSH_KEY_PATH[0m
2021-04-04T18:34:46.1418376Z shell: /bin/bash --noprofile --norc -e -o pipefail {0}
2021-04-04T18:34:46.1421911Z env:
2021-04-04T18:34:46.1531535Z   SSH_KEY_SKF: ***

2021-04-04T18:34:46.1536010Z   SSH_KEY_PATH: /usr/local/share/actions-runner/_work/sf-m21-RPi/sf-m21-RPi/private.key
2021-04-04T18:34:46.1541066Z ##[endgroup]
2021-04-04T18:34:46.2191144Z ##[group]Run sed -i 's/DeviceID = RPi4sys/DeviceID = PIWGsys/g' src/self_monitoring.ini
2021-04-04T18:34:46.2196935Z [36;1msed -i 's/DeviceID = RPi4sys/DeviceID = PIWGsys/g' src/self_monitoring.ini[0m
2021-04-04T18:34:46.2203514Z [36;1mscp -o StrictHostKeyChecking=no -o UserKnownHostsFile=/dev/null -i $SSH_KEY_PATH -r src/* pi@piwg.local:~/bin[0m
2021-04-04T18:34:46.2212718Z [36;1mssh -o StrictHostKeyChecking=no -o UserKnownHostsFile=/dev/null -i $SSH_KEY_PATH pi@piwg.local "cd ~/bin/; pip3 install -r requirements.txt; sudo systemctl restart self_monitoring"[0m
2021-04-04T18:34:46.2219560Z [36;1mrm $SSH_KEY_PATH[0m
2021-04-04T18:34:46.2309009Z shell: /bin/bash -e {0}
2021-04-04T18:34:46.2311829Z env:
2021-04-04T18:34:46.2314602Z   SSH_PRIVATE_KEY: 
2021-04-04T18:34:46.2318966Z   SSH_KEY_PATH: /usr/local/share/actions-runner/_work/sf-m21-RPi/sf-m21-RPi/private.key
2021-04-04T18:34:46.2323292Z ##[endgroup]
2021-04-04T18:34:46.5713662Z Warning: Permanently added 'piwg.local,192.168.6.11' (ECDSA) to the list of known hosts.
2021-04-04T18:34:47.4348489Z Warning: Permanently added 'piwg.local,192.168.6.11' (ECDSA) to the list of known hosts.
2021-04-04T18:34:56.2542271Z WARNING: pip is being invoked by an old script wrapper. This will fail in a future version of pip.
2021-04-04T18:34:56.2557415Z Please see https://github.com/pypa/pip/issues/5599 for advice on fixing the underlying issue.
2021-04-04T18:34:56.2569676Z To avoid this problem you can invoke Python with '-m pip' instead of running pip directly.
2021-04-04T18:34:56.2669004Z Defaulting to user installation because normal site-packages is not writeable
2021-04-04T18:34:57.4784727Z Looking in indexes: https://pypi.org/simple, https://www.piwheels.org/simple
2021-04-04T18:34:57.5292903Z Requirement already satisfied: configparser in /home/pi/.local/lib/python3.7/site-packages (from -r requirements.txt (line 1)) (5.0.2)
2021-04-04T18:34:57.5339238Z Requirement already satisfied: paho-mqtt in /home/pi/.local/lib/python3.7/site-packages (from -r requirements.txt (line 2)) (1.5.1)
2021-04-04T18:35:00.5215507Z Post job cleanup.
2021-04-04T18:35:00.9184301Z [command]/usr/bin/git version
2021-04-04T18:35:00.9390378Z git version 2.20.1
2021-04-04T18:35:00.9514351Z [command]/usr/bin/git config --local --name-only --get-regexp core\.sshCommand
2021-04-04T18:35:00.9704459Z [command]/usr/bin/git submodule foreach --recursive git config --local --name-only --get-regexp 'core\.sshCommand' && git config --local --unset-all 'core.sshCommand' || :
2021-04-04T18:35:01.0929576Z [command]/usr/bin/git config --local --name-only --get-regexp http\.https\:\/\/github\.com\/\.extraheader
2021-04-04T18:35:01.1042862Z http.https://github.com/.extraheader
2021-04-04T18:35:01.1081296Z [command]/usr/bin/git config --local --unset-all http.https://github.com/.extraheader
2021-04-04T18:35:01.1244413Z [command]/usr/bin/git submodule foreach --recursive git config --local --name-only --get-regexp 'http\.https\:\/\/github\.com\/\.extraheader' && git config --local --unset-all 'http.https://github.com/.extraheader' || :
2021-04-04T18:35:01.2601855Z Cleaning up orphan processes
